I'm sorry, but errors were detected in your script. Please correct the
errors listed below, and try again.


File "game/script.rpy", line 36: could not parse statement.
    play sound zero radio
                    ^

Ren'Py Version: Ren'Py 7.3.5.606
Fri Feb 07 19:15:03 2020
